
> jl-digital-app@0.1.0 build
> next build

ظû▓ Next.js 16.1.6 (Turbopack)
- Environments: .env.local

node.exe : ظأب The "middleware" file 
convention is deprecated. Please use 
"proxy" instead. Learn more: https://ne
xtjs.org/docs/messages/middleware-to-pr
oxy
At line:1 char:1
+ & "C:\Program Files\nodejs/node.exe" 
"C:\Program Files\nodejs/node_mo ...
+ ~~~~~~~~~~~~~~~~~~~~~~~~~~~~~~~~~~~~~
~~~~~~~~~~~~~~~~~~~~~~~~~~~~~~~~
    + CategoryInfo          : NotSpeci 
   fied: (ظأب The "middle...leware-to  
  -proxy:String) [], RemoteException
    + FullyQualifiedErrorId : NativeCo 
   mmandError
 
  Creating an optimized production build ...

> Build error occurred
Error: Turbopack build failed with 1 
errors:
./.next-internal/server/app/dashboard/a
dmin/page/actions.js:75:1
Export FAQItem doesn't exist in target 
module
[0m [90m 73 |[39m [36mexport[39m 
{updateVideo [36mas[39m [32m'7ebdba7
f4003b2d374c05172769eacb39934412c04'[3
9m} [36mfrom[39m 
[32m'ACTIONS_MODULE0'[39m
 [90m 74 |[39m [36mexport[39m 
{addFeatureCard [36mas[39m [32m'7ecd
a6a8c761baa1aa9678b115198a2e53f7c3466d'
[39m} [36mfrom[39m 
[32m'ACTIONS_MODULE0'[39m
[31m[1m>[22m[39m[90m 75 |[39m 
[36mexport[39m {[33mFAQItem[39m 
[36mas[39m [32m'7fa9e0f6761bd473bdf9
e689f37a1e649f1ffc94a3'[39m} 
[36mfrom[39m 
[32m'ACTIONS_MODULE0'[39m
 [90m    |[39m [31m[1m^[22m[39m[
31m[1m^[22m[39m[31m[1m^[22m[39m
[31m[1m^[22m[39m[31m[1m^[22m[39m
[31m[1m^[22m[39m[31m[1m^[22m[39
m[31m[1m^[22m[39m[31m[1m^[22m[3
9m[31m[1m^[22m[39m[31m[1m^[22m[
39m[31m[1m^[22m[39m[31m[1m^[22m
[39m[31m[1m^[22m[39m[31m[1m^[22m
[39m[31m[1m^[22m[39m[31m[1m^[22
m[39m[31m[1m^[22m[39m[31m[1m^[2
2m[39m[31m[1m^[22m[39m[31m[1m^[
22m[39m[31m[1m^[22m[39m[31m[1m^
[22m[39m[31m[1m^[22m[39m[31m[1m^
[22m[39m[31m[1m^[22m[39m[31m[1m
^[22m[39m[31m[1m^[22m[39m[31m[1
m^[22m[39m[31m[1m^[22m[39m[31m[
1m^[22m[39m[31m[1m^[22m[39m[31m
[1m^[22m[39m[31m[1m^[22m[39m[31m
[1m^[22m[39m[31m[1m^[22m[39m[31
m[1m^[22m[39m[31m[1m^[22m[39m[3
1m[1m^[22m[39m[31m[1m^[22m[39m[
31m[1m^[22m[39m[31m[1m^[22m[39m
[31m[1m^[22m[39m[31m[1m^[22m[39m
[31m[1m^[22m[39m[31m[1m^[22m[39
m[31m[1m^[22m[39m[31m[1m^[22m[3
9m[31m[1m^[22m[39m[31m[1m^[22m[
39m[31m[1m^[22m[39m[31m[1m^[22m
[39m[31m[1m^[22m[39m[31m[1m^[22m
[39m[31m[1m^[22m[39m[31m[1m^[22
m[39m[31m[1m^[22m[39m[31m[1m^[2
2m[39m[31m[1m^[22m[39m[31m[1m^[
22m[39m[31m[1m^[22m[39m[31m[1m^
[22m[39m[31m[1m^[22m[39m[31m[1m^
[22m[39m[31m[1m^[22m[39m[31m[1m
^[22m[39m[31m[1m^[22m[39m[31m[1
m^[22m[39m[31m[1m^[22m[39m[31m[
1m^[22m[39m[31m[1m^[22m[39m[31m
[1m^[22m[39m[31m[1m^[22m[39m[31m
[1m^[22m[39m[31m[1m^[22m[39m[31
m[1m^[22m[39m[31m[1m^[22m[39m[3
1m[1m^[22m[39m[31m[1m^[22m[39m[
31m[1m^[22m[39m[31m[1m^[22m[39m
[31m[1m^[22m[39m[31m[1m^[22m[39m
[31m[1m^[22m[39m[31m[1m^[22m[39
m[31m[1m^[22m[39m[31m[1m^[22m[3
9m
 [90m 76 |[39m [36mexport[39m 
{updateFeatureCard [36mas[39m [32m'7
fae744203d9454f8d84953935bb2ae8b3becc6a
f4'[39m} [36mfrom[39m 
[32m'ACTIONS_MODULE0'[39m
 [90m 77 |[39m [36mexport[39m 
{updateService [36mas[39m [32m'7fd15
9d6518b9b79c0490ffff3c6a63dab8a2b723a'
[39m} [36mfrom[39m 
[32m'ACTIONS_MODULE0'[39m
 [90m 78 |[39m [36mexport[39m 
{addService [36mas[39m [32m'7ff78573
55c71c31f643cfc5bb580c9c1692d11cf1'[39
m} [36mfrom[39m 
[32m'ACTIONS_MODULE0'[39m[0m

The export FAQItem was not found in 
module [project]/src/app/actions.ts 
[app-rsc] (ecmascript).
Did you mean to import getFAQItems?
All exports of the module are 
statically known (It doesn't have 
dynamic exports). So it's known 
statically that the requested export 
doesn't exist.


    at <unknown> (./.next-internal/serv
er/app/dashboard/admin/page/actions.js:
75:1)
